// Jest Snapshot v1, https://goo.gl/fbAQLP

exports[`<EditRollup /> spec renders the component 1`] = `
<div
  style="padding: 25px 50px;"
>
  <h1
    class="euiTitle euiTitle--large"
  >
    Edit rollup job
  </h1>
  <div
    class="euiSpacer euiSpacer--l"
  />
  <div
    class="euiPanel euiPanel--paddingMedium"
    style="padding-left: 0px; padding-right: 0px;"
  >
    <div
      class="euiFlexGroup euiFlexGroup--gutterLarge euiFlexGroup--alignItemsCenter euiFlexGroup--justifyContentSpaceBetween euiFlexGroup--directionRow euiFlexGroup--responsive"
      style="padding: 0px 10px;"
    >
      <div
        class="euiFlexItem"
      >
        <h3
          class="euiTitle euiTitle--medium"
        >
          Job name and description
        </h3>
      </div>
    </div>
    <hr
      class="euiHorizontalRule euiHorizontalRule--full euiHorizontalRule--marginXSmall"
    />
    <div
      style="padding: initial;"
    >
      <div
        style="padding-left: 10px;"
      >
        <div
          class="euiSpacer euiSpacer--s"
        />
        <div
          class="euiFormRow"
          id="some_html_id-row"
        >
          <div
            class="euiFormRow__labelWrapper"
          >
            <label
              aria-invalid="false"
              class="euiFormLabel euiFormRow__label"
              for="some_html_id"
            >
              Name
            </label>
          </div>
          <div
            class="euiFormRow__fieldWrapper"
          >
            <div
              class="euiFormControlLayout"
            >
              <div
                class="euiFormControlLayout__childrenWrapper"
              >
                <input
                  aria-describedby="some_html_id-help"
                  class="euiFieldText"
                  disabled=""
                  id="some_html_id"
                  placeholder="my-rollupjob1"
                  type="text"
                  value=""
                />
              </div>
            </div>
            <div
              class="euiFormHelpText euiFormRow__text"
              id="some_html_id-help"
            >
              Specify a unique, descriptive name.
            </div>
          </div>
        </div>
        <div
          class="euiSpacer euiSpacer--l"
        />
        <div
          class="euiFlexGroup euiFlexGroup--gutterExtraSmall euiFlexGroup--directionRow euiFlexGroup--responsive"
        >
          <div
            class="euiFlexItem euiFlexItem--flexGrowZero"
          >
            <div
              class="euiText euiText--extraSmall"
            >
              <h4>
                Description
              </h4>
            </div>
          </div>
          <div
            class="euiFlexItem"
          >
            <div
              class="euiText euiText--extraSmall"
            >
              <div
                class="euiTextColor euiTextColor--subdued"
              >
                <i>
                   - optional
                </i>
              </div>
            </div>
          </div>
        </div>
        <div
          class="euiSpacer euiSpacer--xs"
        />
        <div
          class="euiFormRow"
          id="some_html_id-row"
        >
          <div
            class="euiFormRow__fieldWrapper"
          >
            <textarea
              class="euiTextArea euiTextArea--resizeVertical euiTextArea--compressed"
              data-test-subj="description"
              id="some_html_id"
              rows="3"
            />
          </div>
        </div>
      </div>
    </div>
  </div>
  <div
    class="euiSpacer euiSpacer--l"
  />
  <div
    class="euiPanel euiPanel--paddingMedium"
    style="padding-left: 0px; padding-right: 0px;"
  >
    <div
      class="euiFlexGroup euiFlexGroup--gutterLarge euiFlexGroup--alignItemsCenter euiFlexGroup--justifyContentSpaceBetween euiFlexGroup--directionRow euiFlexGroup--responsive"
      style="padding: 0px 10px;"
    >
      <div
        class="euiFlexItem"
      >
        <h3
          class="euiTitle euiTitle--small"
        >
          Schedule
        </h3>
      </div>
    </div>
    <hr
      class="euiHorizontalRule euiHorizontalRule--full euiHorizontalRule--marginXSmall"
    />
    <div
      style="padding: initial;"
    >
      <div
        style="padding-left: 10px;"
      >
        <div
          class="euiSpacer euiSpacer--m"
        />
        <div
          class="euiFormRow"
          id="some_html_id-row"
        >
          <div
            class="euiFormRow__labelWrapper"
          >
            <label
              class="euiFormLabel euiFormRow__label"
              for="some_html_id"
            >
              Rollup execution frequency
            </label>
          </div>
          <div
            class="euiFormRow__fieldWrapper"
          >
            <div
              class="euiFormControlLayout"
            >
              <div
                class="euiFormControlLayout__childrenWrapper"
              >
                <select
                  class="euiSelect"
                  id="some_html_id"
                >
                  <option
                    value="fixed"
                  >
                    Define by fixed interval
                  </option>
                  <option
                    value="cron"
                  >
                    Define by cron expression
                  </option>
                </select>
                <div
                  class="euiFormControlLayoutIcons euiFormControlLayoutIcons--right"
                >
                  <span
                    class="euiFormControlLayoutCustomIcon"
                  >
                    EuiIconMock
                  </span>
                </div>
              </div>
            </div>
          </div>
        </div>
        <div
          class="euiSpacer euiSpacer--m"
        />
        <div
          class="euiFlexGroup euiFlexGroup--gutterLarge euiFlexGroup--directionRow euiFlexGroup--responsive"
          style="max-width: 400px;"
        >
          <div
            class="euiFlexItem euiFlexItem--flexGrowZero"
            style="width: 200px;"
          >
            <div
              class="euiFormRow"
              id="some_html_id-row"
            >
              <div
                class="euiFormRow__labelWrapper"
              >
                <label
                  aria-invalid="false"
                  class="euiFormLabel euiFormRow__label"
                  for="some_html_id"
                >
                  Rollup interval
                </label>
              </div>
              <div
                class="euiFormRow__fieldWrapper"
              >
                <div
                  class="euiFormControlLayout"
                >
                  <div
                    class="euiFormControlLayout__childrenWrapper"
                  >
                    <input
                      class="euiFieldNumber"
                      id="some_html_id"
                      type="number"
                      value="2"
                    />
                  </div>
                </div>
              </div>
            </div>
          </div>
          <div
            class="euiFlexItem"
          >
            <div
              class="euiFormRow euiFormRow--hasEmptyLabelSpace"
              id="some_html_id-row"
            >
              <div
                class="euiFormRow__fieldWrapper"
              >
                <div
                  class="euiFormControlLayout"
                >
                  <div
                    class="euiFormControlLayout__childrenWrapper"
                  >
                    <select
                      class="euiSelect"
                      id="some_html_id"
                    >
                      <option
                        value="MINUTES"
                      >
                        Minute(s)
                      </option>
                      <option
                        value="HOURS"
                      >
                        Hour(s)
                      </option>
                      <option
                        value="DAYS"
                      >
                        Day(s)
                      </option>
                    </select>
                    <div
                      class="euiFormControlLayoutIcons euiFormControlLayoutIcons--right"
                    >
                      <span
                        class="euiFormControlLayoutCustomIcon"
                      >
                        EuiIconMock
                      </span>
                    </div>
                  </div>
                </div>
              </div>
            </div>
          </div>
        </div>
        <div
          class="euiSpacer euiSpacer--m"
        />
        <div
          class="euiFormRow"
          id="some_html_id-row"
        >
          <div
            class="euiFormRow__labelWrapper"
          >
            <label
              class="euiFormLabel euiFormRow__label"
              for="some_html_id"
            >
              Page per execution
            </label>
          </div>
          <div
            class="euiFormRow__fieldWrapper"
          >
            <div
              class="euiFormControlLayout"
            >
              <div
                class="euiFormControlLayout__childrenWrapper"
              >
                <input
                  aria-describedby="some_html_id-help"
                  class="euiFieldNumber"
                  id="some_html_id"
                  min="1"
                  placeholder="1000"
                  type="number"
                  value="1000"
                />
              </div>
            </div>
            <div
              class="euiFormHelpText euiFormRow__text"
              id="some_html_id-help"
            >
              The number of pages every execution processes. A larger number means faster execution and higher costs on memory.
            </div>
          </div>
        </div>
        <div
          class="euiSpacer euiSpacer--m"
        />
        <div
          class="euiFlexGroup euiFlexGroup--gutterLarge euiFlexGroup--directionRow euiFlexGroup--responsive"
          style="max-width: 400px;"
        >
          <div
            class="euiFlexItem euiFlexItem--flexGrowZero"
            style="width: 200px;"
          >
            <div
              class="euiFlexGroup euiFlexGroup--gutterExtraSmall euiFlexGroup--directionRow euiFlexGroup--responsive"
            >
              <div
                class="euiFlexItem euiFlexItem--flexGrowZero"
              >
                <div
                  class="euiText euiText--extraSmall"
                >
                  <h4>
                    Execution delay
                  </h4>
                </div>
              </div>
              <div
                class="euiFlexItem"
              >
                <div
                  class="euiText euiText--extraSmall"
                >
                  <div
                    class="euiTextColor euiTextColor--subdued"
                  >
                    <i>
                       - optional
                    </i>
                  </div>
                </div>
              </div>
            </div>
            <div
              class="euiFormRow"
              id="some_html_id-row"
            >
              <div
                class="euiFormRow__fieldWrapper"
              >
                <div
                  class="euiFormControlLayout"
                >
                  <div
                    class="euiFormControlLayout__childrenWrapper"
                  >
                    <input
                      class="euiFieldNumber"
                      id="some_html_id"
                      type="number"
                      value=""
                    />
                  </div>
                </div>
              </div>
            </div>
          </div>
          <div
            class="euiFlexItem"
          >
            <div
              class="euiFormRow euiFormRow--hasEmptyLabelSpace"
              id="some_html_id-row"
            >
              <div
                class="euiFormRow__fieldWrapper"
              >
                <div
                  class="euiFormControlLayout"
                >
                  <div
                    class="euiFormControlLayout__childrenWrapper"
                  >
                    <select
                      class="euiSelect"
                      id="some_html_id"
                    >
                      <option
                        value="SECONDS"
                      >
                        Second(s)
                      </option>
                      <option
                        value="MINUTES"
                      >
                        Minute(s)
                      </option>
                      <option
                        value="HOURS"
                      >
                        Hour(s)
                      </option>
                      <option
                        value="DAYS"
                      >
                        Day(s)
                      </option>
                    </select>
                    <div
                      class="euiFormControlLayoutIcons euiFormControlLayoutIcons--right"
                    >
                      <span
                        class="euiFormControlLayoutCustomIcon"
                      >
                        EuiIconMock
                      </span>
                    </div>
                  </div>
                </div>
              </div>
            </div>
          </div>
        </div>
        <div
          class="euiFormHelpText"
          style="max-width: 400px;"
        >
          The amount of time the job waits for data ingestion to accommodate any necessary processing time.
        </div>
      </div>
    </div>
  </div>
  <div
    class="euiSpacer euiSpacer--l"
  />
  <div
    class="euiFlexGroup euiFlexGroup--gutterLarge euiFlexGroup--alignItemsCenter euiFlexGroup--justifyContentFlexEnd euiFlexGroup--directionRow euiFlexGroup--responsive"
  >
    <div
      class="euiFlexItem euiFlexItem--flexGrowZero"
    >
      <button
        class="euiButtonEmpty euiButtonEmpty--primary"
        data-test-subj="editRollupCancelButton"
        type="button"
      >
        <span
          class="euiButtonContent euiButtonEmpty__content"
        >
          <span
            class="euiButtonEmpty__text"
          >
            Cancel
          </span>
        </span>
      </button>
    </div>
    <div
      class="euiFlexItem euiFlexItem--flexGrowZero"
    >
      <button
        class="euiButton euiButton--primary euiButton--fill"
        data-test-subj="editRollupSaveChangesButton"
        type="button"
      >
        <span
          class="euiButtonContent euiButton__content"
        >
          <span
            class="euiButton__text"
          >
            Save changes
          </span>
        </span>
      </button>
    </div>
  </div>
</div>
`;
