// Jest Snapshot v1, https://goo.gl/fbAQLP

exports[`<RolloverAliasModal /> spec renders the component 1`] = `
<div
  class="euiOverlayMask euiOverlayMask--aboveHeader"
>
  <div
    aria-hidden="true"
    data-aria-hidden="true"
    data-focus-guard="true"
    style="width: 1px; height: 0px; padding: 0px; overflow: hidden; position: fixed; top: 1px; left: 1px;"
    tabindex="0"
  />
  <div
    aria-hidden="true"
    data-aria-hidden="true"
    data-focus-guard="true"
    style="width: 1px; height: 0px; padding: 0px; overflow: hidden; position: fixed; top: 1px; left: 1px;"
    tabindex="1"
  />
  <div
    data-focus-lock-disabled="false"
  >
    <div
      class="euiModal euiModal--maxWidth-default"
      tabindex="0"
    >
      <button
        aria-label="Closes this modal window"
        class="euiButtonIcon euiButtonIcon--text euiModal__closeIcon"
        type="button"
      >
        EuiIconMock
      </button>
      <div
        class="euiModal__flex"
      >
        <div
          class="euiModalHeader"
        >
          <div
            class="euiModalHeader__title"
          >
            Edit rollover alias
          </div>
        </div>
        <div
          class="euiModalBody"
        >
          <div
            class="euiModalBody__overflow"
          >
            <div
              class="euiFormRow"
              id="some_html_id-row"
            >
              <div
                class="euiFormRow__labelWrapper"
              >
                <label
                  class="euiFormLabel euiFormRow__label"
                  for="some_html_id"
                >
                  Rollover alias
                </label>
              </div>
              <div
                class="euiFormRow__fieldWrapper"
              >
                <div
                  class="euiFormControlLayout"
                >
                  <div
                    class="euiFormControlLayout__childrenWrapper"
                  >
                    <input
                      aria-describedby="some_html_id-help"
                      class="euiFieldText"
                      id="some_html_id"
                      placeholder="Rollover alias"
                      type="text"
                      value=""
                    />
                  </div>
                </div>
                <div
                  class="euiFormHelpText euiFormRow__text"
                  id="some_html_id-help"
                >
                  A rollover alias is required when using the rollover action.
                </div>
              </div>
            </div>
          </div>
        </div>
        <div
          class="euiModalFooter"
        >
          <button
            class="euiButtonEmpty euiButtonEmpty--primary"
            data-test-subj="editRolloverAliasModalCloseButton"
            type="button"
          >
            <span
              class="euiButtonContent euiButtonEmpty__content"
            >
              <span
                class="euiButtonEmpty__text"
              >
                Close
              </span>
            </span>
          </button>
          <button
            class="euiButton euiButton--primary euiButton--fill euiButton-isDisabled"
            data-test-subj="editRolloverAliasModalAddButton"
            disabled=""
            type="button"
          >
            <span
              class="euiButtonContent euiButton__content"
            >
              <span
                class="euiButton__text"
              >
                Edit
              </span>
            </span>
          </button>
        </div>
      </div>
    </div>
  </div>
  <div
    aria-hidden="true"
    data-aria-hidden="true"
    data-focus-guard="true"
    style="width: 1px; height: 0px; padding: 0px; overflow: hidden; position: fixed; top: 1px; left: 1px;"
    tabindex="0"
  />
</div>
`;
