// Jest Snapshot v1, https://goo.gl/fbAQLP

exports[`<PolicyControls /> spec renders the component 1`] = `
<div
  class="euiFlexGroup euiFlexGroup--gutterLarge euiFlexGroup--directionRow euiFlexGroup--responsive"
  style="padding: 0px 5px;"
>
  <div
    class="euiFlexItem"
  >
    <div
      class="euiFormControlLayout euiFormControlLayout--fullWidth"
    >
      <div
        class="euiFormControlLayout__childrenWrapper"
      >
        <input
          class="euiFieldSearch euiFieldSearch--fullWidth"
          placeholder="Search"
          type="search"
          value="testing"
        />
        <div
          class="euiFormControlLayoutIcons"
        >
          <span
            class="euiFormControlLayoutCustomIcon"
          >
            EuiIconMock
          </span>
        </div>
        <div
          class="euiFormControlLayoutIcons euiFormControlLayoutIcons--right"
        >
          <button
            aria-label="Clear input"
            class="euiFormControlLayoutClearButton"
            type="button"
          >
            EuiIconMock
          </button>
        </div>
      </div>
    </div>
  </div>
  <div
    class="euiFlexItem euiFlexItem--flexGrowZero"
    style="max-width: 250px;"
  >
    <div
      class="euiFlexGroup euiFlexGroup--gutterSmall euiFlexGroup--directionRow euiSuperDatePicker__flexWrapper euiSuperDatePicker__flexWrapper--isAutoRefreshOnly"
    >
      <div
        class="euiFlexItem"
      >
        <div
          class="euiFormControlLayout euiFormControlLayout--group euiSuperDatePicker"
        >
          <div
            class="euiPopover euiPopover--anchorDownLeft"
            id="QuickSelectPopover"
          >
            <div
              class="euiPopover__anchor euiQuickSelectPopover__anchor"
            >
              <button
                aria-label="Date quick select"
                class="euiButtonEmpty euiButtonEmpty--primary euiButtonEmpty--xSmall euiButtonEmpty--iconRight euiFormControlLayout__prepend"
                data-test-subj="superDatePickerToggleQuickMenuButton"
                type="button"
              >
                <span
                  class="euiButtonEmpty__content"
                >
                  EuiIconMock
                  <span
                    class="euiButtonEmpty__text euiQuickSelectPopover__buttonText"
                  >
                    EuiIconMock
                  </span>
                </span>
              </button>
            </div>
          </div>
          <div
            class="euiFormControlLayout__childrenWrapper"
          >
            <div
              class="euiDatePickerRange euiDatePickerRange--readOnly euiDatePickerRange--inGroup"
            >
              <span
                class="euiSuperDatePicker__prettyFormat"
              >
                Off
              </span>
            </div>
          </div>
        </div>
      </div>
    </div>
  </div>
</div>
`;
