// Jest Snapshot v1, https://goo.gl/fbAQLP

exports[`<ManagedIndexEmptyPrompt /> spec renders the component 1`] = `
<div
  class="euiEmptyPrompt"
  style="max-width: 45em;"
>
  <span
    class="euiTextColor euiTextColor--subdued"
  >
    <div
      class="euiText euiText--medium"
    >
      <div
        class="euiText euiText--medium"
      >
        <p>
          There are no existing managed indices. Create a policy to add to an index.
        </p>
      </div>
    </div>
  </span>
  <div
    class="euiSpacer euiSpacer--l"
  />
  <div
    class="euiSpacer euiSpacer--s"
  />
  <a
    class="euiButton euiButton--primary euiButton--fill"
    href="opendistro_index_management_kibana#/create-policy"
    rel="noreferrer"
  >
    <span
      class="euiButton__content"
    >
      <span
        class="euiButton__text"
      >
        Create policy
      </span>
    </span>
  </a>
</div>
`;
