// Jest Snapshot v1, https://goo.gl/fbAQLP

exports[`<IndexPolicies /> spec renders the component 1`] = `
<div
  style="padding: 25px 25px;"
>
  <div
    class="euiPanel euiPanel--paddingMedium"
    style="padding-left: 0px; padding-right: 0px;"
  >
    <div
      class="euiFlexGroup euiFlexGroup--gutterLarge euiFlexGroup--alignItemsCenter euiFlexGroup--justifyContentSpaceBetween euiFlexGroup--directionRow euiFlexGroup--responsive"
      style="padding: 0px 10px;"
    >
      <div
        class="euiFlexItem"
      >
        <h3
          class="euiTitle euiTitle--large"
        >
          Index policies
        </h3>
      </div>
      <div
        class="euiFlexItem euiFlexItem--flexGrowZero"
      >
        <div
          class="euiFlexGroup euiFlexGroup--gutterLarge euiFlexGroup--alignItemsCenter euiFlexGroup--justifyContentSpaceBetween euiFlexGroup--directionRow euiFlexGroup--responsive"
        >
          <div
            class="euiFlexItem"
          >
            <div
              class="euiFlexGroup euiFlexGroup--gutterLarge euiFlexGroup--alignItemsCenter euiFlexGroup--justifyContentSpaceBetween euiFlexGroup--directionRow euiFlexGroup--responsive"
            >
              <div
                class="euiFlexItem euiFlexItem--flexGrowZero"
              >
                <button
                  class="euiButton euiButton--primary"
                  data-test-subj="DeleteButton"
                  disabled=""
                  type="button"
                >
                  <span
                    class="euiButton__content"
                  >
                    <span
                      class="euiButton__text"
                    >
                      Delete
                    </span>
                  </span>
                </button>
              </div>
              <div
                class="euiFlexItem euiFlexItem--flexGrowZero"
              >
                <button
                  class="euiButton euiButton--primary"
                  data-test-subj="EditButton"
                  disabled=""
                  type="button"
                >
                  <span
                    class="euiButton__content"
                  >
                    <span
                      class="euiButton__text"
                    >
                      Edit
                    </span>
                  </span>
                </button>
              </div>
              <div
                class="euiFlexItem euiFlexItem--flexGrowZero"
              >
                <button
                  class="euiButton euiButton--primary"
                  data-test-subj="Create policyButton"
                  type="button"
                >
                  <span
                    class="euiButton__content"
                  >
                    <span
                      class="euiButton__text"
                    >
                      Create policy
                    </span>
                  </span>
                </button>
              </div>
            </div>
          </div>
        </div>
      </div>
    </div>
    <hr
      class="euiHorizontalRule euiHorizontalRule--full euiHorizontalRule--marginXSmall"
    />
    <div
      style="padding: initial;"
    >
      <div
        class="euiFlexGroup euiFlexGroup--gutterLarge euiFlexGroup--directionRow euiFlexGroup--responsive"
        style="padding: 0px 5px;"
      >
        <div
          class="euiFlexItem"
        >
          <div
            class="euiFormControlLayout euiFormControlLayout--fullWidth"
          >
            <div
              class="euiFormControlLayout__childrenWrapper"
            >
              <input
                class="euiFieldSearch euiFieldSearch--fullWidth"
                placeholder="Search"
                type="search"
                value=""
              />
              <div
                class="euiFormControlLayoutIcons"
              >
                <span
                  class="euiFormControlLayoutCustomIcon"
                >
                  <svg
                    aria-hidden="true"
                    class="euiIcon euiIcon--medium euiFormControlLayoutCustomIcon__icon"
                    focusable="false"
                    height="16"
                    viewBox="0 0 16 16"
                    width="16"
                    xmlns="http://www.w3.org/2000/svg"
                    xmlns:xlink="http://www.w3.org/1999/xlink"
                  >
                    <defs>
                      <path
                        d="M11.271 11.978l3.872 3.873a.502.502 0 0 0 .708 0 .502.502 0 0 0 0-.708l-3.565-3.564c2.38-2.747 2.267-6.923-.342-9.532-2.73-2.73-7.17-2.73-9.898 0-2.728 2.729-2.728 7.17 0 9.9a6.955 6.955 0 0 0 4.949 2.05.5.5 0 0 0 0-1 5.96 5.96 0 0 1-4.242-1.757 6.01 6.01 0 0 1 0-8.486c2.337-2.34 6.143-2.34 8.484 0a6.01 6.01 0 0 1 0 8.486.5.5 0 0 0 .034.738z"
                        id="search-a"
                      />
                    </defs>
                    <use
                      xlink:href="#search-a"
                    />
                  </svg>
                </span>
              </div>
            </div>
          </div>
        </div>
        <div
          class="euiFlexItem euiFlexItem--flexGrowZero"
          style="max-width: 250px;"
        >
          <div
            class="euiFlexGroup euiFlexGroup--gutterSmall euiFlexGroup--directionRow euiSuperDatePicker__flexWrapper euiSuperDatePicker__flexWrapper--isAutoRefreshOnly"
          >
            <div
              class="euiFlexItem"
            >
              <div
                class="euiFormControlLayout euiFormControlLayout--group euiSuperDatePicker"
              >
                <div
                  class="euiPopover euiPopover--anchorDownLeft"
                  id="QuickSelectPopover"
                >
                  <div
                    class="euiPopover__anchor"
                  >
                    <button
                      aria-label="Date quick select"
                      class="euiButtonEmpty euiButtonEmpty--primary euiButtonEmpty--xSmall euiButtonEmpty--iconRight euiFormControlLayout__prepend"
                      data-test-subj="superDatePickerToggleQuickMenuButton"
                      type="button"
                    >
                      <span
                        class="euiButtonEmpty__content"
                      >
                        <svg
                          aria-hidden="true"
                          class="euiIcon euiIcon--medium euiButtonEmpty__icon"
                          focusable="false"
                          height="16"
                          viewBox="0 0 16 16"
                          width="16"
                          xmlns="http://www.w3.org/2000/svg"
                          xmlns:xlink="http://www.w3.org/1999/xlink"
                        >
                          <defs>
                            <path
                              d="M13.069 5.157L8.384 9.768a.546.546 0 0 1-.768 0L2.93 5.158a.552.552 0 0 0-.771 0 .53.53 0 0 0 0 .759l4.684 4.61c.641.631 1.672.63 2.312 0l4.684-4.61a.53.53 0 0 0 0-.76.552.552 0 0 0-.771 0z"
                              id="arrow_down-a"
                            />
                          </defs>
                          <use
                            fill-rule="nonzero"
                            xlink:href="#arrow_down-a"
                          />
                        </svg>
                        <span
                          class="euiButtonEmpty__text euiQuickSelectPopover__buttonText"
                        >
                          <svg
                            class="euiIcon euiIcon--medium"
                            focusable="false"
                            height="16"
                            viewBox="0 0 16 16"
                            width="16"
                            xmlns="http://www.w3.org/2000/svg"
                          >
                            <path
                              d="M7.5 13A5.506 5.506 0 0 1 2 7.5C2 4.467 4.467 2 7.5 2S13 4.467 13 7.5 10.533 13 7.5 13m0-12a6.5 6.5 0 1 0 0 13 6.5 6.5 0 0 0 0-13m3 6H8V3.5a.5.5 0 0 0-1 0v4a.5.5 0 0 0 .5.5h3a.5.5 0 0 0 0-1"
                              fill-rule="evenodd"
                            />
                          </svg>
                        </span>
                      </span>
                    </button>
                  </div>
                </div>
                <div
                  class="euiFormControlLayout__childrenWrapper"
                >
                  <div
                    class="euiDatePickerRange euiDatePickerRange--readOnly euiDatePickerRange--inGroup euiFormControlLayout__child--noStyle"
                  >
                    <span
                      class="euiSuperDatePicker__prettyFormat"
                    >
                      Off
                    </span>
                  </div>
                </div>
              </div>
            </div>
          </div>
        </div>
      </div>
      <hr
        class="euiHorizontalRule euiHorizontalRule--full euiHorizontalRule--marginXSmall"
      />
      <div
        class="euiBasicTable"
      >
        <div>
          <div
            class="euiTableHeaderMobile"
          >
            <div
              class="euiTableSortMobile"
            >
              <div
                class="euiPopover euiPopover--anchorDownRight"
                id="sortPopover"
              >
                <div
                  class="euiPopover__anchor"
                >
                  <button
                    class="euiButtonEmpty euiButtonEmpty--primary euiButtonEmpty--xSmall euiButtonEmpty--iconRight euiButtonEmpty--flushRight"
                    type="button"
                  >
                    <span
                      class="euiButtonEmpty__content"
                    >
                      <svg
                        aria-hidden="true"
                        class="euiIcon euiIcon--medium euiButtonEmpty__icon"
                        focusable="false"
                        height="16"
                        viewBox="0 0 16 16"
                        width="16"
                        xmlns="http://www.w3.org/2000/svg"
                        xmlns:xlink="http://www.w3.org/1999/xlink"
                      >
                        <defs>
                          <path
                            d="M13.069 5.157L8.384 9.768a.546.546 0 0 1-.768 0L2.93 5.158a.552.552 0 0 0-.771 0 .53.53 0 0 0 0 .759l4.684 4.61c.641.631 1.672.63 2.312 0l4.684-4.61a.53.53 0 0 0 0-.76.552.552 0 0 0-.771 0z"
                            id="arrow_down-a"
                          />
                        </defs>
                        <use
                          fill-rule="nonzero"
                          xlink:href="#arrow_down-a"
                        />
                      </svg>
                      <span
                        class="euiButtonEmpty__text"
                      >
                        Sorting
                      </span>
                    </span>
                  </button>
                </div>
              </div>
            </div>
          </div>
          <table
            class="euiTable euiTable--responsive"
          >
            <caption
              aria-live="polite"
              aria-relevant="text"
              class="euiScreenReaderOnly"
              role="status"
            >
              Below is a table of 0 items.
            </caption>
            <thead>
              <tr>
                <th
                  class="euiTableHeaderCellCheckbox"
                  scope="col"
                  width="24px"
                >
                  <div
                    class="euiTableCellContent"
                  >
                    <div
                      class="euiCheckbox euiCheckbox--inList euiCheckbox--noLabel"
                    >
                      <input
                        aria-label="Select all rows"
                        class="euiCheckbox__input"
                        data-test-subj="checkboxSelectAll"
                        disabled=""
                        id="_selection_column-checkbox"
                        type="checkbox"
                      />
                      <div
                        class="euiCheckbox__square"
                      />
                    </div>
                  </div>
                </th>
                <th
                  aria-live="true"
                  aria-sort="none"
                  class="euiTableHeaderCell"
                  data-test-subj="tableHeaderCell_id_0"
                  role="columnheader"
                  scope="col"
                  width="150px"
                >
                  <button
                    class="euiTableHeaderButton"
                    data-test-subj="tableHeaderSortButton"
                    type="button"
                  >
                    <span
                      class="euiTableCellContent"
                    >
                      <span
                        class="euiTableCellContent__text"
                      >
                        Policy
                      </span>
                      <span
                        class="euiScreenReaderOnly"
                      >
                        Click to sort in ascending order
                      </span>
                    </span>
                  </button>
                </th>
                <th
                  aria-live="true"
                  aria-sort="none"
                  class="euiTableHeaderCell"
                  data-test-subj="tableHeaderCell_policy.policy.description_1"
                  role="columnheader"
                  scope="col"
                  width="150px"
                >
                  <button
                    class="euiTableHeaderButton"
                    data-test-subj="tableHeaderSortButton"
                    type="button"
                  >
                    <span
                      class="euiTableCellContent"
                    >
                      <span
                        class="euiTableCellContent__text"
                      >
                        Description
                      </span>
                      <span
                        class="euiScreenReaderOnly"
                      >
                        Click to sort in ascending order
                      </span>
                    </span>
                  </button>
                </th>
                <th
                  aria-live="true"
                  aria-sort="none"
                  class="euiTableHeaderCell"
                  data-test-subj="tableHeaderCell_policy.policy.last_updated_time_2"
                  role="columnheader"
                  scope="col"
                  width="150px"
                >
                  <button
                    class="euiTableHeaderButton"
                    data-test-subj="tableHeaderSortButton"
                    type="button"
                  >
                    <span
                      class="euiTableCellContent"
                    >
                      <span
                        class="euiTableCellContent__text"
                      >
                        Last updated time
                      </span>
                      <span
                        class="euiScreenReaderOnly"
                      >
                        Click to sort in ascending order
                      </span>
                    </span>
                  </button>
                </th>
              </tr>
            </thead>
            <tbody>
              <tr
                class="euiTableRow"
              >
                <td
                  class="euiTableRowCell euiTableRowCell--isMobileFullWidth"
                  colspan="4"
                >
                  <div
                    class="euiTableCellContent euiTableCellContent--alignCenter"
                  >
                    <span
                      class="euiTableCellContent__text"
                    >
                      <div
                        class="euiEmptyPrompt"
                        style="max-width: 45em;"
                      >
                        <span
                          class="euiTextColor euiTextColor--subdued"
                        >
                          <div
                            class="euiText euiText--medium"
                          >
                            <div
                              class="euiText euiText--medium"
                            >
                              <p>
                                Loading policies...
                              </p>
                            </div>
                          </div>
                        </span>
                      </div>
                    </span>
                  </div>
                </td>
              </tr>
            </tbody>
          </table>
        </div>
        <div>
          <div
            class="euiSpacer euiSpacer--m"
          />
          <div
            class="euiFlexGroup euiFlexGroup--gutterLarge euiFlexGroup--alignItemsCenter euiFlexGroup--justifyContentSpaceBetween euiFlexGroup--directionRow"
          >
            <div
              class="euiFlexItem euiFlexItem--flexGrowZero"
            >
              <div
                class="euiPopover euiPopover--anchorUpRight euiPopover--withTitle"
                id="customizablePagination"
              >
                <div
                  class="euiPopover__anchor"
                >
                  <button
                    class="euiButtonEmpty euiButtonEmpty--text euiButtonEmpty--xSmall euiButtonEmpty--iconRight"
                    type="button"
                  >
                    <span
                      class="euiButtonEmpty__content"
                    >
                      <svg
                        aria-hidden="true"
                        class="euiIcon euiIcon--medium euiButtonEmpty__icon"
                        focusable="false"
                        height="16"
                        viewBox="0 0 16 16"
                        width="16"
                        xmlns="http://www.w3.org/2000/svg"
                        xmlns:xlink="http://www.w3.org/1999/xlink"
                      >
                        <defs>
                          <path
                            d="M13.069 5.157L8.384 9.768a.546.546 0 0 1-.768 0L2.93 5.158a.552.552 0 0 0-.771 0 .53.53 0 0 0 0 .759l4.684 4.61c.641.631 1.672.63 2.312 0l4.684-4.61a.53.53 0 0 0 0-.76.552.552 0 0 0-.771 0z"
                            id="arrow_down-a"
                          />
                        </defs>
                        <use
                          fill-rule="nonzero"
                          xlink:href="#arrow_down-a"
                        />
                      </svg>
                      <span
                        class="euiButtonEmpty__text"
                      >
                        Rows per page
                        : 
                        20
                      </span>
                    </span>
                  </button>
                </div>
              </div>
            </div>
            <div
              class="euiFlexItem euiFlexItem--flexGrowZero"
            >
              <span />
            </div>
          </div>
        </div>
      </div>
    </div>
  </div>
</div>
`;
