// Jest Snapshot v1, https://goo.gl/fbAQLP

exports[`<Indices /> spec renders the component 1`] = `
<div
  class="euiPanel euiPanel--paddingMedium"
  style="padding-left: 0px; padding-right: 0px;"
>
  <div
    class="euiFlexGroup euiFlexGroup--gutterLarge euiFlexGroup--alignItemsCenter euiFlexGroup--justifyContentSpaceBetween euiFlexGroup--directionRow euiFlexGroup--responsive"
    style="padding: 0px 10px;"
  >
    <div
      class="euiFlexItem"
    >
      <h3
        class="euiTitle euiTitle--large"
      >
        Indices
      </h3>
    </div>
    <div
      class="euiFlexItem euiFlexItem--flexGrowZero"
    >
      <div
        class="euiFlexGroup euiFlexGroup--gutterLarge euiFlexGroup--alignItemsCenter euiFlexGroup--justifyContentSpaceBetween euiFlexGroup--directionRow euiFlexGroup--responsive"
      >
        <div
          class="euiFlexItem"
        >
          <div
            class="euiFlexGroup euiFlexGroup--gutterLarge euiFlexGroup--alignItemsCenter euiFlexGroup--justifyContentSpaceBetween euiFlexGroup--directionRow euiFlexGroup--responsive"
          >
            <div
              class="euiFlexItem euiFlexItem--flexGrowZero"
            >
              <button
                class="euiButton euiButton--primary euiButton-isDisabled"
                data-test-subj="Apply policyButton"
                disabled=""
                type="button"
              >
                <span
                  class="euiButtonContent euiButton__content"
                >
                  <span
                    class="euiButton__text"
                  >
                    Apply policy
                  </span>
                </span>
              </button>
            </div>
          </div>
        </div>
      </div>
    </div>
  </div>
  <hr
    class="euiHorizontalRule euiHorizontalRule--full euiHorizontalRule--marginXSmall"
  />
  <div
    style="padding: initial;"
  >
    <div
      class="euiFlexGroup euiFlexGroup--gutterLarge euiFlexGroup--directionRow euiFlexGroup--responsive"
      style="padding: 0px 5px;"
    >
      <div
        class="euiFlexItem"
      >
        <div
          class="euiFormControlLayout euiFormControlLayout--fullWidth"
        >
          <div
            class="euiFormControlLayout__childrenWrapper"
          >
            <input
              class="euiFieldSearch euiFieldSearch--fullWidth euiFieldSearch-isClearable"
              placeholder="Search"
              type="search"
              value=""
            />
            <div
              class="euiFormControlLayoutIcons"
            >
              <span
                class="euiFormControlLayoutCustomIcon"
              >
                EuiIconMock
              </span>
            </div>
          </div>
        </div>
      </div>
      <div
        class="euiFlexItem euiFlexItem--flexGrowZero"
        style="max-width: 250px;"
      >
        <div
          class="euiFlexGroup euiFlexGroup--gutterSmall euiFlexGroup--directionRow euiSuperDatePicker__flexWrapper euiSuperDatePicker__flexWrapper--isAutoRefreshOnly"
        >
          <div
            class="euiFlexItem"
          >
            <div
              class="euiFormControlLayout euiFormControlLayout--group euiSuperDatePicker"
            >
              <div
                class="euiPopover euiPopover--anchorDownLeft"
                id="QuickSelectPopover"
              >
                <div
                  class="euiPopover__anchor euiQuickSelectPopover__anchor"
                >
                  <button
                    aria-label="Date quick select"
                    class="euiButtonEmpty euiButtonEmpty--primary euiButtonEmpty--xSmall euiFormControlLayout__prepend"
                    data-test-subj="superDatePickerToggleQuickMenuButton"
                    type="button"
                  >
                    <span
                      class="euiButtonContent euiButtonContent--iconRight euiButtonEmpty__content"
                    >
                      EuiIconMock
                      <span
                        class="euiButtonEmpty__text euiQuickSelectPopover__buttonText"
                      >
                        EuiIconMock
                      </span>
                    </span>
                  </button>
                </div>
              </div>
              <div
                class="euiFormControlLayout__childrenWrapper"
              >
                <div
                  class="euiDatePickerRange euiDatePickerRange--readOnly euiDatePickerRange--inGroup"
                >
                  <span
                    class="euiSuperDatePicker__prettyFormat"
                  >
                    Off
                  </span>
                </div>
              </div>
            </div>
          </div>
        </div>
      </div>
    </div>
    <hr
      class="euiHorizontalRule euiHorizontalRule--full euiHorizontalRule--marginXSmall"
    />
    <div
      class="euiBasicTable"
    >
      <div>
        <div
          class="euiTableHeaderMobile"
        >
          <div
            class="euiFlexGroup euiFlexGroup--gutterLarge euiFlexGroup--alignItemsBaseline euiFlexGroup--justifyContentSpaceBetween euiFlexGroup--directionRow"
          >
            <div
              class="euiFlexItem euiFlexItem--flexGrowZero"
            >
              <div
                class="euiCheckbox"
              >
                <input
                  aria-label="Select all rows"
                  class="euiCheckbox__input"
                  disabled=""
                  id="_selection_column-checkbox_some_html_id"
                  type="checkbox"
                />
                <div
                  class="euiCheckbox__square"
                />
                <label
                  class="euiCheckbox__label"
                  for="_selection_column-checkbox_some_html_id"
                >
                  Select all rows
                </label>
              </div>
            </div>
            <div
              class="euiFlexItem euiFlexItem--flexGrowZero"
            >
              <div
                class="euiTableSortMobile"
              >
                <div
                  class="euiPopover euiPopover--anchorDownRight"
                >
                  <div
                    class="euiPopover__anchor"
                  >
                    <button
                      class="euiButtonEmpty euiButtonEmpty--primary euiButtonEmpty--xSmall euiButtonEmpty--flushRight"
                      type="button"
                    >
                      <span
                        class="euiButtonContent euiButtonContent--iconRight euiButtonEmpty__content"
                      >
                        EuiIconMock
                        <span
                          class="euiButtonEmpty__text"
                        >
                          Sorting
                        </span>
                      </span>
                    </button>
                  </div>
                </div>
              </div>
            </div>
          </div>
        </div>
        <table
          class="euiTable euiTable--responsive"
          id="some_html_id"
          tabindex="-1"
        >
          <caption
            class="euiScreenReaderOnly euiTableCaption"
          />
          <thead>
            <tr>
              <th
                class="euiTableHeaderCellCheckbox"
                scope="col"
              >
                <div
                  class="euiTableCellContent"
                >
                  <div
                    class="euiCheckbox euiCheckbox--inList euiCheckbox--noLabel"
                  >
                    <input
                      aria-label="Select all rows"
                      class="euiCheckbox__input"
                      data-test-subj="checkboxSelectAll"
                      disabled=""
                      id="_selection_column-checkbox_some_html_id"
                      type="checkbox"
                    />
                    <div
                      class="euiCheckbox__square"
                    />
                  </div>
                </div>
              </th>
              <th
                aria-live="polite"
                aria-sort="descending"
                class="euiTableHeaderCell"
                data-test-subj="tableHeaderCell_index_0"
                role="columnheader"
                scope="col"
                style="width: 250px;"
              >
                <button
                  class="euiTableHeaderButton euiTableHeaderButton-isSorted"
                  data-test-subj="tableHeaderSortButton"
                  type="button"
                >
                  <span
                    class="euiTableCellContent"
                  >
                    <span
                      class="euiTableCellContent__text"
                      title="Index; Sorted in descending order"
                    >
                      Index
                    </span>
                    EuiIconMock
                    <span
                      class="euiScreenReaderOnly"
                    >
                      Click to sort in ascending order
                    </span>
                  </span>
                </button>
              </th>
              <th
                aria-live="polite"
                aria-sort="none"
                class="euiTableHeaderCell"
                data-test-subj="tableHeaderCell_health_1"
                role="columnheader"
                scope="col"
              >
                <button
                  class="euiTableHeaderButton"
                  data-test-subj="tableHeaderSortButton"
                  type="button"
                >
                  <span
                    class="euiTableCellContent euiTableCellContent--alignRight"
                  >
                    <span
                      class="euiTableCellContent__text"
                      title="Health"
                    >
                      Health
                    </span>
                    <span
                      class="euiScreenReaderOnly"
                    >
                      Click to sort in ascending order
                    </span>
                  </span>
                </button>
              </th>
              <th
                class="euiTableHeaderCell"
                data-test-subj="tableHeaderCell_managed_2"
                role="columnheader"
                scope="col"
                style="width: 150px;"
              >
                <div
                  class="euiTableCellContent euiTableCellContent--alignRight"
                >
                  <span
                    class="euiTableCellContent__text"
                    title="Managed by Policy"
                  >
                    Managed by Policy
                  </span>
                </div>
              </th>
              <th
                aria-live="polite"
                aria-sort="none"
                class="euiTableHeaderCell"
                data-test-subj="tableHeaderCell_status_3"
                role="columnheader"
                scope="col"
              >
                <button
                  class="euiTableHeaderButton"
                  data-test-subj="tableHeaderSortButton"
                  type="button"
                >
                  <span
                    class="euiTableCellContent euiTableCellContent--alignRight"
                  >
                    <span
                      class="euiTableCellContent__text"
                      title="Status"
                    >
                      Status
                    </span>
                    <span
                      class="euiScreenReaderOnly"
                    >
                      Click to sort in ascending order
                    </span>
                  </span>
                </button>
              </th>
              <th
                aria-live="polite"
                aria-sort="none"
                class="euiTableHeaderCell"
                data-test-subj="tableHeaderCell_store.size_4"
                role="columnheader"
                scope="col"
              >
                <button
                  class="euiTableHeaderButton"
                  data-test-subj="tableHeaderSortButton"
                  type="button"
                >
                  <span
                    class="euiTableCellContent euiTableCellContent--alignRight"
                  >
                    <span
                      class="euiTableCellContent__text"
                      title="Total size"
                    >
                      Total size
                    </span>
                    <span
                      class="euiScreenReaderOnly"
                    >
                      Click to sort in ascending order
                    </span>
                  </span>
                </button>
              </th>
              <th
                aria-live="polite"
                aria-sort="none"
                class="euiTableHeaderCell"
                data-test-subj="tableHeaderCell_pri.store.size_5"
                role="columnheader"
                scope="col"
              >
                <button
                  class="euiTableHeaderButton"
                  data-test-subj="tableHeaderSortButton"
                  type="button"
                >
                  <span
                    class="euiTableCellContent euiTableCellContent--alignRight"
                  >
                    <span
                      class="euiTableCellContent__text"
                      title="Primaries size"
                    >
                      Primaries size
                    </span>
                    <span
                      class="euiScreenReaderOnly"
                    >
                      Click to sort in ascending order
                    </span>
                  </span>
                </button>
              </th>
              <th
                aria-live="polite"
                aria-sort="none"
                class="euiTableHeaderCell"
                data-test-subj="tableHeaderCell_docs.count_6"
                role="columnheader"
                scope="col"
              >
                <button
                  class="euiTableHeaderButton"
                  data-test-subj="tableHeaderSortButton"
                  type="button"
                >
                  <span
                    class="euiTableCellContent euiTableCellContent--alignRight"
                  >
                    <span
                      class="euiTableCellContent__text"
                      title="Total documents"
                    >
                      Total documents
                    </span>
                    <span
                      class="euiScreenReaderOnly"
                    >
                      Click to sort in ascending order
                    </span>
                  </span>
                </button>
              </th>
              <th
                aria-live="polite"
                aria-sort="none"
                class="euiTableHeaderCell"
                data-test-subj="tableHeaderCell_docs.deleted_7"
                role="columnheader"
                scope="col"
              >
                <button
                  class="euiTableHeaderButton"
                  data-test-subj="tableHeaderSortButton"
                  type="button"
                >
                  <span
                    class="euiTableCellContent euiTableCellContent--alignRight"
                  >
                    <span
                      class="euiTableCellContent__text"
                      title="Deleted documents"
                    >
                      Deleted documents
                    </span>
                    <span
                      class="euiScreenReaderOnly"
                    >
                      Click to sort in ascending order
                    </span>
                  </span>
                </button>
              </th>
              <th
                aria-live="polite"
                aria-sort="none"
                class="euiTableHeaderCell"
                data-test-subj="tableHeaderCell_pri_8"
                role="columnheader"
                scope="col"
              >
                <button
                  class="euiTableHeaderButton"
                  data-test-subj="tableHeaderSortButton"
                  type="button"
                >
                  <span
                    class="euiTableCellContent euiTableCellContent--alignRight"
                  >
                    <span
                      class="euiTableCellContent__text"
                      title="Primaries"
                    >
                      Primaries
                    </span>
                    <span
                      class="euiScreenReaderOnly"
                    >
                      Click to sort in ascending order
                    </span>
                  </span>
                </button>
              </th>
              <th
                aria-live="polite"
                aria-sort="none"
                class="euiTableHeaderCell"
                data-test-subj="tableHeaderCell_rep_9"
                role="columnheader"
                scope="col"
              >
                <button
                  class="euiTableHeaderButton"
                  data-test-subj="tableHeaderSortButton"
                  type="button"
                >
                  <span
                    class="euiTableCellContent euiTableCellContent--alignRight"
                  >
                    <span
                      class="euiTableCellContent__text"
                      title="Replicas"
                    >
                      Replicas
                    </span>
                    <span
                      class="euiScreenReaderOnly"
                    >
                      Click to sort in ascending order
                    </span>
                  </span>
                </button>
              </th>
            </tr>
          </thead>
          <tbody>
            <tr
              class="euiTableRow"
            >
              <td
                class="euiTableRowCell euiTableRowCell--isMobileFullWidth"
                colspan="11"
              >
                <div
                  class="euiTableCellContent euiTableCellContent--alignCenter"
                >
                  <span
                    class="euiTableCellContent__text"
                  >
                    <div
                      class="euiEmptyPrompt"
                      style="max-width: 45em;"
                    >
                      <span
                        class="euiTextColor euiTextColor--subdued"
                      >
                        <div
                          class="euiText euiText--medium"
                        >
                          <div
                            class="euiText euiText--medium"
                          >
                            <p>
                              Loading indices...
                            </p>
                          </div>
                        </div>
                      </span>
                    </div>
                  </span>
                </div>
              </td>
            </tr>
          </tbody>
        </table>
      </div>
    </div>
  </div>
</div>
`;
