// Jest Snapshot v1, https://goo.gl/fbAQLP

exports[`<ApplyPolicyModal /> spec renders the component 1`] = `
<div
  class="euiOverlayMask euiOverlayMask--aboveHeader"
>
  <div
    aria-hidden="true"
    data-aria-hidden="true"
    data-focus-guard="true"
    style="width: 1px; height: 0px; padding: 0px; overflow: hidden; position: fixed; top: 1px; left: 1px;"
    tabindex="0"
  />
  <div
    aria-hidden="true"
    data-aria-hidden="true"
    data-focus-guard="true"
    style="width: 1px; height: 0px; padding: 0px; overflow: hidden; position: fixed; top: 1px; left: 1px;"
    tabindex="1"
  />
  <div
    data-focus-lock-disabled="false"
  >
    <div
      class="euiModal euiModal--maxWidth-default"
      tabindex="0"
    >
      <button
        aria-label="Closes this modal window"
        class="euiButtonIcon euiButtonIcon--text euiModal__closeIcon"
        type="button"
      >
        EuiIconMock
      </button>
      <div
        class="euiModal__flex"
      >
        <div
          class="euiModalHeader"
        >
          <div
            class="euiModalHeader__title"
          >
            Apply policy
          </div>
        </div>
        <div
          class="euiModalBody"
        >
          <div
            class="euiModalBody__overflow"
          >
            <div
              class="euiText euiText--extraSmall euiText--constrainedWidth"
            >
              <p>
                Choose the policy you want to use for the selected indices. A copy of the policy will be created and applied to the indices.
              </p>
            </div>
            <div
              class="euiSpacer euiSpacer--m"
            />
            <div
              class="euiFormRow euiFormRow--fullWidth"
              id="some_html_id-row"
            >
              <div
                class="euiFormRow__labelWrapper"
              >
                <label
                  aria-invalid="false"
                  class="euiFormLabel euiFormRow__label"
                  for="some_html_id"
                >
                  Policy ID
                </label>
              </div>
              <div
                class="euiFormRow__fieldWrapper"
              >
                <div
                  aria-expanded="false"
                  aria-haspopup="listbox"
                  class="euiComboBox euiComboBox--fullWidth"
                  role="combobox"
                >
                  <div
                    class="euiFormControlLayout euiFormControlLayout--fullWidth"
                  >
                    <div
                      class="euiFormControlLayout__childrenWrapper"
                    >
                      <div
                        class="euiComboBox__inputWrap euiComboBox__inputWrap--fullWidth euiComboBox__inputWrap--noWrap euiComboBox__inputWrap-isLoading euiComboBox__inputWrap-isClearable"
                        data-test-subj="comboBoxInput"
                        tabindex="-1"
                      >
                        <p
                          class="euiComboBoxPlaceholder"
                        >
                          Search policies
                        </p>
                        <div
                          class="euiComboBox__input"
                          style="font-size: 14px; display: inline-block;"
                        >
                          <input
                            aria-controls=""
                            data-test-subj="comboBoxSearchInput"
                            id="some_html_id"
                            role="textbox"
                            style="box-sizing: content-box; width: 2px;"
                            value=""
                          />
                          <div
                            style="position: absolute; top: 0px; left: 0px; visibility: hidden; height: 0px; overflow: scroll; white-space: pre; font-family: -webkit-small-control; letter-spacing: normal; text-transform: none;"
                          />
                        </div>
                      </div>
                      <div
                        class="euiFormControlLayoutIcons euiFormControlLayoutIcons--right"
                      >
                        <span
                          class="euiLoadingSpinner euiLoadingSpinner--medium"
                        />
                        <button
                          aria-label="Open list of options"
                          class="euiFormControlLayoutCustomIcon euiFormControlLayoutCustomIcon--clickable"
                          data-test-subj="comboBoxToggleListButton"
                          type="button"
                        >
                          EuiIconMock
                        </button>
                      </div>
                    </div>
                  </div>
                </div>
              </div>
            </div>
          </div>
        </div>
        <div
          class="euiModalFooter"
        >
          <button
            class="euiButtonEmpty euiButtonEmpty--primary"
            data-test-subj="applyPolicyModalCloseButton"
            type="button"
          >
            <span
              class="euiButtonContent euiButtonEmpty__content"
            >
              <span
                class="euiButtonEmpty__text"
              >
                Cancel
              </span>
            </span>
          </button>
          <button
            class="euiButton euiButton--primary euiButton--fill"
            data-test-subj="applyPolicyModalEditButton"
            type="button"
          >
            <span
              class="euiButtonContent euiButton__content"
            >
              <span
                class="euiButton__text"
              >
                Apply
              </span>
            </span>
          </button>
        </div>
      </div>
    </div>
  </div>
  <div
    aria-hidden="true"
    data-aria-hidden="true"
    data-focus-guard="true"
    style="width: 1px; height: 0px; padding: 0px; overflow: hidden; position: fixed; top: 1px; left: 1px;"
    tabindex="0"
  />
</div>
`;
