// Jest Snapshot v1, https://goo.gl/fbAQLP

exports[`<ManagedIndices /> spec renders the component 1`] = `
<div
  style="padding: 0px 25px;"
>
  <div
    class="euiFlexGroup euiFlexGroup--gutterLarge euiFlexGroup--alignItemsCenter euiFlexGroup--directionRow euiFlexGroup--responsive"
  >
    <div
      class="euiFlexItem"
    >
      <h1
        class="euiTitle euiTitle--large"
      >
        Managed Indices
      </h1>
    </div>
    <div
      class="euiFlexItem euiFlexItem--flexGrowZero"
    >
      <a
        class="euiButton euiButton--primary"
        data-test-subj="changePolicyButton"
        href="opendistro_index_management_kibana#/change-policy"
        rel="noreferrer"
      >
        <span
          class="euiButton__content"
        >
          <span
            class="euiButton__text"
          >
            Change policy
          </span>
        </span>
      </a>
    </div>
  </div>
  <div
    class="euiSpacer euiSpacer--l"
  />
  <div
    class="euiPanel euiPanel--paddingMedium"
    style="padding-left: 0px; padding-right: 0px;"
  >
    <div
      class="euiFlexGroup euiFlexGroup--gutterLarge euiFlexGroup--alignItemsCenter euiFlexGroup--justifyContentSpaceBetween euiFlexGroup--directionRow euiFlexGroup--responsive"
      style="padding: 0px 10px;"
    >
      <div
        class="euiFlexItem"
      >
        <h3
          class="euiTitle euiTitle--large"
        >
          Indices
        </h3>
      </div>
      <div
        class="euiFlexItem euiFlexItem--flexGrowZero"
      >
        <div
          class="euiFlexGroup euiFlexGroup--gutterLarge euiFlexGroup--alignItemsCenter euiFlexGroup--justifyContentSpaceBetween euiFlexGroup--directionRow euiFlexGroup--responsive"
        >
          <div
            class="euiFlexItem"
          >
            <div
              class="euiFlexGroup euiFlexGroup--gutterLarge euiFlexGroup--alignItemsCenter euiFlexGroup--justifyContentSpaceBetween euiFlexGroup--directionRow euiFlexGroup--responsive"
            >
              <div
                class="euiFlexItem euiFlexItem--flexGrowZero"
              >
                <button
                  class="euiButton euiButton--primary"
                  data-test-subj="Edit rollover aliasButton"
                  disabled=""
                  type="button"
                >
                  <span
                    class="euiButton__content"
                  >
                    <span
                      class="euiButton__text"
                    >
                      Edit rollover alias
                    </span>
                  </span>
                </button>
              </div>
              <div
                class="euiFlexItem euiFlexItem--flexGrowZero"
              >
                <button
                  class="euiButton euiButton--primary"
                  data-test-subj="Remove policyButton"
                  disabled=""
                  type="button"
                >
                  <span
                    class="euiButton__content"
                  >
                    <span
                      class="euiButton__text"
                    >
                      Remove policy
                    </span>
                  </span>
                </button>
              </div>
              <div
                class="euiFlexItem euiFlexItem--flexGrowZero"
              >
                <button
                  class="euiButton euiButton--primary"
                  data-test-subj="Retry policyButton"
                  disabled=""
                  type="button"
                >
                  <span
                    class="euiButton__content"
                  >
                    <span
                      class="euiButton__text"
                    >
                      Retry policy
                    </span>
                  </span>
                </button>
              </div>
            </div>
          </div>
        </div>
      </div>
    </div>
    <hr
      class="euiHorizontalRule euiHorizontalRule--full euiHorizontalRule--marginXSmall"
    />
    <div
      style="padding: initial;"
    >
      <div
        class="euiFlexGroup euiFlexGroup--gutterLarge euiFlexGroup--directionRow euiFlexGroup--responsive"
        style="padding: 0px 5px;"
      >
        <div
          class="euiFlexItem"
        >
          <div
            class="euiFormControlLayout euiFormControlLayout--fullWidth"
          >
            <div
              class="euiFormControlLayout__childrenWrapper"
            >
              <input
                class="euiFieldSearch euiFieldSearch--fullWidth"
                placeholder="Search"
                type="search"
                value=""
              />
              <div
                class="euiFormControlLayoutIcons"
              >
                <span
                  class="euiFormControlLayoutCustomIcon"
                >
                  EuiIconMock
                </span>
              </div>
            </div>
          </div>
        </div>
        <div
          class="euiFlexItem euiFlexItem--flexGrowZero"
          style="max-width: 250px;"
        >
          <div
            class="euiFlexGroup euiFlexGroup--gutterSmall euiFlexGroup--directionRow euiSuperDatePicker__flexWrapper euiSuperDatePicker__flexWrapper--isAutoRefreshOnly"
          >
            <div
              class="euiFlexItem"
            >
              <div
                class="euiFormControlLayout euiFormControlLayout--group euiSuperDatePicker"
              >
                <div
                  class="euiPopover euiPopover--anchorDownLeft"
                  id="QuickSelectPopover"
                >
                  <div
                    class="euiPopover__anchor euiQuickSelectPopover__anchor"
                  >
                    <button
                      aria-label="Date quick select"
                      class="euiButtonEmpty euiButtonEmpty--primary euiButtonEmpty--xSmall euiButtonEmpty--iconRight euiFormControlLayout__prepend"
                      data-test-subj="superDatePickerToggleQuickMenuButton"
                      type="button"
                    >
                      <span
                        class="euiButtonEmpty__content"
                      >
                        EuiIconMock
                        <span
                          class="euiButtonEmpty__text euiQuickSelectPopover__buttonText"
                        >
                          EuiIconMock
                        </span>
                      </span>
                    </button>
                  </div>
                </div>
                <div
                  class="euiFormControlLayout__childrenWrapper"
                >
                  <div
                    class="euiDatePickerRange euiDatePickerRange--readOnly euiDatePickerRange--inGroup"
                  >
                    <span
                      class="euiSuperDatePicker__prettyFormat"
                    >
                      Off
                    </span>
                  </div>
                </div>
              </div>
            </div>
          </div>
        </div>
      </div>
      <hr
        class="euiHorizontalRule euiHorizontalRule--full euiHorizontalRule--marginXSmall"
      />
      <div
        class="euiBasicTable"
      >
        <div>
          <div
            class="euiTableHeaderMobile"
          >
            <div
              class="euiFlexGroup euiFlexGroup--gutterLarge euiFlexGroup--alignItemsBaseline euiFlexGroup--justifyContentSpaceBetween euiFlexGroup--directionRow"
            >
              <div
                class="euiFlexItem euiFlexItem--flexGrowZero"
              >
                <div
                  class="euiCheckbox"
                >
                  <input
                    aria-label="Select all rows"
                    class="euiCheckbox__input"
                    disabled=""
                    id="_selection_column-checkbox_some_make_id"
                    type="checkbox"
                  />
                  <div
                    class="euiCheckbox__square"
                  />
                  <label
                    class="euiCheckbox__label"
                    for="_selection_column-checkbox_some_make_id"
                  >
                    Select all rows
                  </label>
                </div>
              </div>
              <div
                class="euiFlexItem euiFlexItem--flexGrowZero"
              >
                <div
                  class="euiTableSortMobile"
                >
                  <div
                    class="euiPopover euiPopover--anchorDownRight"
                  >
                    <div
                      class="euiPopover__anchor"
                    >
                      <button
                        class="euiButtonEmpty euiButtonEmpty--primary euiButtonEmpty--xSmall euiButtonEmpty--iconRight euiButtonEmpty--flushRight"
                        type="button"
                      >
                        <span
                          class="euiButtonEmpty__content"
                        >
                          EuiIconMock
                          <span
                            class="euiButtonEmpty__text"
                          >
                            Sorting
                          </span>
                        </span>
                      </button>
                    </div>
                  </div>
                </div>
              </div>
            </div>
          </div>
          <table
            class="euiTable euiTable--responsive"
          >
            <caption
              class="euiScreenReaderOnly euiTableCaption"
            />
            <thead>
              <tr>
                <th
                  class="euiTableHeaderCellCheckbox"
                  scope="col"
                >
                  <div
                    class="euiTableCellContent"
                  >
                    <div
                      class="euiCheckbox euiCheckbox--inList euiCheckbox--noLabel"
                    >
                      <input
                        aria-label="Select all rows"
                        class="euiCheckbox__input"
                        data-test-subj="checkboxSelectAll"
                        disabled=""
                        id="_selection_column-checkbox_some_make_id"
                        type="checkbox"
                      />
                      <div
                        class="euiCheckbox__square"
                      />
                    </div>
                  </div>
                </th>
                <th
                  aria-live="polite"
                  aria-sort="descending"
                  class="euiTableHeaderCell"
                  data-test-subj="tableHeaderCell_index_0"
                  role="columnheader"
                  scope="col"
                  style="width: 150px;"
                >
                  <button
                    class="euiTableHeaderButton euiTableHeaderButton-isSorted"
                    data-test-subj="tableHeaderSortButton"
                    type="button"
                  >
                    <span
                      class="euiTableCellContent"
                    >
                      <span
                        class="euiTableCellContent__text"
                        title="Index; Sorted in descending order"
                      >
                        Index
                      </span>
                      EuiIconMock
                      <span
                        class="euiScreenReaderOnly"
                      >
                        Click to sort in ascending order
                      </span>
                    </span>
                  </button>
                </th>
                <th
                  aria-live="polite"
                  aria-sort="none"
                  class="euiTableHeaderCell"
                  data-test-subj="tableHeaderCell_policyId_1"
                  role="columnheader"
                  scope="col"
                  style="width: 150px;"
                >
                  <button
                    class="euiTableHeaderButton"
                    data-test-subj="tableHeaderSortButton"
                    type="button"
                  >
                    <span
                      class="euiTableCellContent"
                    >
                      <span
                        class="euiTableCellContent__text"
                        title="Policy"
                      >
                        Policy
                      </span>
                      <span
                        class="euiScreenReaderOnly"
                      >
                        Click to sort in ascending order
                      </span>
                    </span>
                  </button>
                </th>
                <th
                  class="euiTableHeaderCell"
                  data-test-subj="tableHeaderCell_managedIndexMetaData.state.name_2"
                  role="columnheader"
                  scope="col"
                  style="width: 150px;"
                >
                  <div
                    class="euiTableCellContent"
                  >
                    <span
                      class="euiTableCellContent__text"
                      title="State"
                    >
                      State
                    </span>
                  </div>
                </th>
                <th
                  class="euiTableHeaderCell"
                  data-test-subj="tableHeaderCell_managedIndexMetaData.action.name_3"
                  role="columnheader"
                  scope="col"
                  style="width: 150px;"
                >
                  <div
                    class="euiTableCellContent"
                  >
                    <span
                      class="euiTableCellContent__text"
                      title="Action"
                    >
                      Action
                    </span>
                  </div>
                </th>
                <th
                  class="euiTableHeaderCell"
                  data-test-subj="tableHeaderCell_managedIndexMetaData.info_4"
                  role="columnheader"
                  scope="col"
                  style="width: 150px;"
                >
                  <div
                    class="euiTableCellContent"
                  >
                    <span
                      class="euiTableCellContent__text"
                      title="Info"
                    >
                      Info
                    </span>
                  </div>
                </th>
                <th
                  class="euiTableHeaderCell"
                  data-test-subj="tableHeaderCell_index_5"
                  role="columnheader"
                  scope="col"
                  style="width: 150px;"
                >
                  <div
                    class="euiTableCellContent"
                  >
                    <span
                      class="euiTableCellContent__text"
                      title="Job Status"
                    >
                      Job Status
                    </span>
                  </div>
                </th>
              </tr>
            </thead>
            <tbody>
              <tr
                class="euiTableRow"
              >
                <td
                  class="euiTableRowCell euiTableRowCell--isMobileFullWidth"
                  colspan="7"
                >
                  <div
                    class="euiTableCellContent euiTableCellContent--alignCenter"
                  >
                    <span
                      class="euiTableCellContent__text"
                    >
                      <div
                        class="euiEmptyPrompt"
                        style="max-width: 45em;"
                      >
                        <span
                          class="euiTextColor euiTextColor--subdued"
                        >
                          <div
                            class="euiText euiText--medium"
                          >
                            <div
                              class="euiText euiText--medium"
                            >
                              <p>
                                Loading managed indices...
                              </p>
                            </div>
                          </div>
                        </span>
                      </div>
                    </span>
                  </div>
                </td>
              </tr>
            </tbody>
          </table>
        </div>
      </div>
    </div>
  </div>
</div>
`;
