// Jest Snapshot v1, https://goo.gl/fbAQLP

exports[`<RetryModal /> spec renders the component 1`] = `
<div
  class="euiOverlayMask"
>
  <div
    data-focus-guard="true"
    style="width: 1px; height: 0px; padding: 0px; overflow: hidden; position: fixed; top: 1px; left: 1px;"
    tabindex="0"
  />
  <div
    data-focus-guard="true"
    style="width: 1px; height: 0px; padding: 0px; overflow: hidden; position: fixed; top: 1px; left: 1px;"
    tabindex="1"
  />
  <div
    data-focus-lock-disabled="false"
  >
    <div
      class="euiModal euiModal--maxWidth-default"
      tabindex="0"
    >
      <button
        aria-label="Closes this modal window"
        class="euiButtonIcon euiButtonIcon--text euiModal__closeIcon"
        type="button"
      >
        <svg
          aria-hidden="true"
          class="euiIcon euiIcon--medium euiButtonIcon__icon"
          focusable="false"
          height="16"
          viewBox="0 0 16 16"
          width="16"
          xmlns="http://www.w3.org/2000/svg"
        >
          <path
            d="M7.293 8L3.146 3.854a.5.5 0 1 1 .708-.708L8 7.293l4.146-4.147a.5.5 0 0 1 .708.708L8.707 8l4.147 4.146a.5.5 0 0 1-.708.708L8 8.707l-4.146 4.147a.5.5 0 0 1-.708-.708L7.293 8z"
          />
        </svg>
      </button>
      <div
        class="euiModal__flex"
      >
        <div
          class="euiModalHeader"
        >
          <div
            class="euiModalHeader__title"
          >
            Retry policy
          </div>
        </div>
        <div
          class="euiModalBody"
        >
          <div
            class="euiModalBody__overflow"
          >
            <div>
              <div
                class="euiRadio euiRadioGroup__item"
              >
                <input
                  checked=""
                  class="euiRadio__input"
                  id="current"
                  type="radio"
                  value=""
                />
                <div
                  class="euiRadio__circle"
                />
                <label
                  class="euiRadio__label"
                  for="current"
                >
                  Retry policy from current action
                </label>
              </div>
              <div
                class="euiRadio euiRadioGroup__item"
              >
                <input
                  class="euiRadio__input"
                  id="state"
                  type="radio"
                  value=""
                />
                <div
                  class="euiRadio__circle"
                />
                <label
                  class="euiRadio__label"
                  for="state"
                >
                  Retry policy from selected state
                </label>
              </div>
            </div>
            <div
              class="euiSpacer euiSpacer--s"
            />
            <div
              class="euiFormRow"
              id="some_make_id-row"
            >
              <div>
                <label
                  class="euiFormLabel"
                  for="some_make_id"
                >
                  Start state
                </label>
              </div>
              <div
                class="euiFormControlLayout"
              >
                <div
                  class="euiFormControlLayout__childrenWrapper"
                >
                  <select
                    aria-describedby="some_make_id-help"
                    aria-label="Retry failed policy from"
                    class="euiSelect"
                    disabled=""
                    id="some_make_id"
                  >
                    <option
                      value="one"
                    >
                      one
                    </option>
                    <option
                      value="two"
                    >
                      two
                    </option>
                  </select>
                  <div
                    class="euiFormControlLayoutIcons euiFormControlLayoutIcons--right"
                  >
                    <span
                      class="euiFormControlLayoutCustomIcon"
                    >
                      <svg
                        aria-hidden="true"
                        class="euiIcon euiIcon--medium euiFormControlLayoutCustomIcon__icon"
                        focusable="false"
                        height="16"
                        viewBox="0 0 16 16"
                        width="16"
                        xmlns="http://www.w3.org/2000/svg"
                        xmlns:xlink="http://www.w3.org/1999/xlink"
                      >
                        <defs>
                          <path
                            d="M13.069 5.157L8.384 9.768a.546.546 0 0 1-.768 0L2.93 5.158a.552.552 0 0 0-.771 0 .53.53 0 0 0 0 .759l4.684 4.61c.641.631 1.672.63 2.312 0l4.684-4.61a.53.53 0 0 0 0-.76.552.552 0 0 0-.771 0z"
                            id="arrow_down-a"
                          />
                        </defs>
                        <use
                          fill-rule="nonzero"
                          xlink:href="#arrow_down-a"
                        />
                      </svg>
                    </span>
                  </div>
                </div>
              </div>
              <div
                class="euiFormHelpText euiFormRow__text"
                id="some_make_id-help"
              >
                Only common states shared across all selected indices are available
              </div>
            </div>
          </div>
        </div>
        <div
          class="euiModalFooter"
        >
          <button
            class="euiButtonEmpty euiButtonEmpty--primary"
            data-test-subj="retryModalCloseButton"
            type="button"
          >
            <span
              class="euiButtonEmpty__content"
            >
              <span
                class="euiButtonEmpty__text"
              >
                Close
              </span>
            </span>
          </button>
          <button
            class="euiButton euiButton--primary euiButton--fill"
            data-test-subj="retryModalRetryButton"
            type="button"
          >
            <span
              class="euiButton__content"
            >
              <span
                class="euiButton__text"
              >
                Retry
              </span>
            </span>
          </button>
        </div>
      </div>
    </div>
  </div>
  <div
    data-focus-guard="true"
    style="width: 1px; height: 0px; padding: 0px; overflow: hidden; position: fixed; top: 1px; left: 1px;"
    tabindex="0"
  />
</div>
`;
